I'm sorry, but errors were detected in your script. Please correct the
errors listed below, and try again.


File "game/day1.rpy", line 12: expected statement.
    n = 1
      ^

Ren'Py Version: Ren'Py 8.4.1.25072401
Mon Sep 29 23:39:21 2025
